=== НАЧАЛО ИГРЫ ===
Словарь загружен, слов: 4139
Загадано слово: кофей
Ход: право #----^, осталось попыток: 5
Ход: отчим #^----, осталось попыток: 4
Ход: искра #--^--, осталось попыток: 3
Подсказка: лобок
Подсказка: конюх
Подсказка: колья
Подсказка: гудок
Подсказка: бобок
Подсказка: лубок
Подсказка: колея
Подсказка: голяк
Подсказка: конек
Подсказка: кобел
Подсказка: ленок
Подсказка: колок
Подсказка: кощей
Подсказка: кознь
Подсказка: колун
Подсказка: кожье
Подсказка: козел
Подсказка: зубок
Подсказка: душок
Подсказка: кодон
Подсказка: козны
Подсказка: дедок
Подсказка: клоун
Подсказка: белок
Подсказка: ледок
Подсказка: коблы
Подсказка: колье
Подсказка: щелок
Подсказка: козлы
Подсказка: конец
Подсказка: ложок
Подсказка: ходок
Подсказка: дубок
Подсказка: кубок
Подсказка: козон
Подсказка: ездок
Подсказка: годок
Подсказка: койне
Подсказка: концы
Подсказка: бодяк
Подсказка: кожух
Подсказка: кулон
Подсказка: божок
Подсказка: щенок
Подсказка: кофей
Подсказка: лужок
Подсказка: колон
Подсказка: уклон
Подсказка: кобыз
Подсказка: зубок
Подсказка: конюх
Подсказка: ленок
Подсказка: колок
Подсказка: козны
Подсказка: козлы
Подсказка: колея
Подсказка: коблы
Подсказка: ложок
Подсказка: ездок
Подсказка: гудок
Подсказка: колон
Подсказка: козел
Ход: козел #++-+-, осталось попыток: 2
Подсказка: конец
Подсказка: кофей
Подсказка: кощей
Подсказка: конек
Подсказка: кощей
Подсказка: конек
Подсказка: кофей
Подсказка: конец
Подсказка: конец
Подсказка: конек
Подсказка: кофей
Подсказка: кощей
Ход: конец #++-+-, осталось попыток: 1
Подсказка: кофей
Подсказка: кощей
Подсказка: кощей
Подсказка: кофей
Подсказка: кощей
Подсказка: кофей
Подсказка: кощей
Ход: кофей #+++++, осталось попыток: 0
Игрок победил!
=== КОНЕЦ ИГРЫ ===
